[32mâ–ˆ[0m [33m[0.00s][0m long lines
[32mâ”ƒ[0m xxxxxxxxxxxxxxxxxxxxxxxxxxxxxxxxxxxxxxxxxxxxxxxxxxxxxxxxxxxxxxxxxxxxxxxxxxxxxx[0m
[32mâ–ˆ[0m [33m[0.00s][0m more long lines
[32mâ”ƒ[0m yyyyyyyyyyyyyyyyyyyyyyyyyyyyyyyyyyyyyyyyyyyyyyyyyyyyyyyyyyyyyyyyyyyyyyyyyyyyyy[0m
[32mâ”ƒ[0m yyyyyyyyyyyyyyyyyyyyyyyyyyyyyyyyyyyyyyyyyyyyyyyyyyyyyyyyyyyyyyyyyyyyyyyyyyyyyy[0m
[32mâ”ƒ[0m yyyyyyyyyyyyyyyyyyyyyyyyyyyyyyyyyyyyyyyy                                      [0m
[32mâ”»[0m 
