[32mâ–ˆ[0m [90m[0.00s][0m some vertex
[32mâ”»[0m 
