[32mâ–ˆ[0m [90m[0.00s][0m some vertex
[32mâ”»[0m 
[33;1mWARNING:[0m uh oh[0m                                                                  [0m
