[35m1:[0m vtx1
[35m1:[0m [0.00s] 1.0 hi
[35m1:[0m [0.00s] 1.0 hi again
[35m1:[0m [0.00s] 1.0 im very chatty
[35m1:[0m [0.00s] 1.1 hi
[35m1:[0m [0.00s] 1.1 hi again
[35m1:[0m [0.00s] 1.1 im very chatty
[35m1:[0m [0.00s] 1.2 hi
[35m1:[0m [0.00s] 1.2 hi again
[35m1:[0m [0.00s] 1.2 im very chatty
[35m1:[0m [0.00s] 1.3 hi
[35m1:[0m [0.00s] 1.3 hi again
[35m1:[0m [0.00s] 1.3 im very chatty
[35m1:[0m [0.00s] 1.4 hi
[35m1:[0m [0.00s] 1.4 hi again
[35m1:[0m [0.00s] 1.4 im very chatty
[35m1:[0m [0.00s] 1.5 hi
[35m1:[0m [0.00s] 1.5 hi again
[35m1:[0m [0.00s] 1.5 im very chatty
[35m1:[0m [0.00s] 1.6 hi
[35m1:[0m [0.00s] 1.6 hi again
[35m1:[0m [0.00s] 1.6 im very chatty
[35m1:[0m [0.00s] 1.7 hi
[35m1:[0m [0.00s] 1.7 hi again
[35m1:[0m [0.00s] 1.7 im very chatty
[35m1:[0m [0.00s] 1.8 hi
[35m1:[0m [0.00s] 1.8 hi again
[35m1:[0m [0.00s] 1.8 im very chatty
[35m1:[0m [0.00s] 1.9 hi
[35m1:[0m [0.00s] 1.9 hi again
[35m1:[0m [0.00s] 1.9 im very chatty
[35m1:[0m vtx1 [32mDONE[0m
