[35m1:[0m vertex a
[35m1:[0m task 1 
[35m1:[0m task 1 [90m[0.00s][0m
[35m1:[0m task 2 
[35m1:[0m task 2 [90m[0.00s][0m
