[35m1:[0m sup
[35m1:[0m [0.00s] hi stdout
[35m1:[0m [0.00s] hi stderr
[35m1:[0m [0.00s] hi again stdout
[35m1:[0m sup [31mERROR: oh no![0m
