[35m1:[0m some vertex
[35m1:[0m some vertex [32mDONE[0m
