1: some vertex
1: some vertex DONE
WARNING: uh oh
