[32mâ–ˆ[0m [90m[0.00s][0m vertex b
[32mâ–ˆ[0m [33m[0.00s][0m vertex a
[32mâ”ƒ[0m stdout 1                                                                      [0m
[32mâ”ƒ[0m stderr 1                                                                      [0m
[32mâ”ƒ[0m stdout 2                                                                      [0m
[32mâ”ƒ[0m stderr 2                                                                      [0m
[32mâ”»[0m 
