[32mâ”£[0m[33mâ”€[0m[33mâ•®[0m 
[32mâ”‚[0m [33mâ–¼[0m [1mgroup a[0m
[32mâ”‚[0m [33mâ–ˆ[0m [90m[0.00s][0m vertex a
[32mâ”‚[0m [33mâ”»[0m 
[32mâ”£[0m[33mâ”€[0m[33mâ•®[0m 
[32mâ”‚[0m [33mâ–¼[0m [1mgroup b[0m
[32mâ”‚[0m [33mâ–ˆ[0m [90m[0.00s][0m vertex b
[32mâ”£[0m[34mâ”€[0m[33mâ”¼[0m[34mâ”€[0m[34mâ•®[0m 
[32mâ”‚[0m [33mâ”‚[0m [34mâ–¼[0m [1mgroup c[0m
[32mâ”‚[0m [33mâ”‚[0m [34mâ–ˆ[0m [90m[0.00s][0m vertex c
[32mâ”£[0m[35mâ”€[0m[33mâ”¼[0m[35mâ”€[0m[34mâ”¼[0m[35mâ”€[0m[35mâ•®[0m 
[32mâ”‚[0m [33mâ”‚[0m [34mâ”‚[0m [35mâ–¼[0m [1mgroup d[0m
[32mâ”‚[0m [33mâ”‚[0m [34mâ”‚[0m [35mâ–ˆ[0m [90m[0.00s][0m vertex d
[32mâ”‚[0m [33mâ–ˆ[0m [34mâ”‚[0m [35mâ”‚[0m [90m[0.00s][0m vertex b2
[32mâ”‚[0m [33mâ”»[0m [34mâ”‚[0m [35mâ”‚[0m 
[32mâ”‚[0m   [34mâ–ˆ[0m [35mâ”‚[0m [90m[0.00s][0m vertex c2
[32mâ”‚[0m   [34mâ”»[0m [35mâ”‚[0m 
[32mâ”‚[0m     [35mâ–ˆ[0m [90m[0.00s][0m vertex d2
[32mâ”‚[0m [33mâ•­[0m[33mâ”€[0m[33mâ”€[0m[33mâ”€[0m[35mâ”«[0m [90mvertex d2[0m
[32mâ”‚[0m [33mâ”‚[0m   [35mâ”»[0m 
[32mâ”£[0m[34mâ”€[0m[33mâ”¼[0m[34mâ”€[0m[34mâ•®[0m 
[32mâ”‚[0m [33mâ”‚[0m [34mâ–¼[0m [1mgroup e[0m
[32mâ”‚[0m [33mâ”‚[0m [34mâ–ˆ[0m [33m[0.00s][0m vertex e
[32mâ”‚[0m [33mâ”‚[0m [34mâ”ƒ[0m stdout 1                                                                  [0m
[32mâ”‚[0m [33mâ”‚[0m [34mâ”ƒ[0m stderr 1                                                                  [0m
[32mâ”‚[0m [33mâ”‚[0m [34mâ”ƒ[0m stdout 2                                                                  [0m
[32mâ”‚[0m [33mâ”‚[0m [34mâ”ƒ[0m stderr 2                                                                  [0m
[32mâ”‚[0m [33mâ”‚[0m [34mâ”£[0m[35mâ”€[0m[35mâ•®[0m 
[32mâ”‚[0m [33mâ”‚[0m [34mâ”‚[0m [35mâ–¼[0m [1mgroup e.a[0m
[32mâ”‚[0m [33mâ•°[0m[33mâ”€[0m[34mâ”¼[0m[33mâ–¶[0m[35mâ–ˆ[0m [33m[0.00s][0m vertex z
[32mâ”‚[0m   [34mâ”‚[0m [35mâ”ƒ[0m stdout 1                                                                [0m
[32mâ”‚[0m   [34mâ”‚[0m [35mâ”ƒ[0m stderr 1                                                                [0m
[32mâ”‚[0m   [34mâ”‚[0m [35mâ”ƒ[0m stdout 2                                                                [0m
[32mâ”‚[0m   [34mâ”‚[0m [35mâ”ƒ[0m stderr 2                                                                [0m
[32mâ”»[0m   [34mâ”»[0m [35mâ”»[0m 
