[32mâ”£[0m[33mâ”€[0m[33mâ•®[0m 
[32mâ”‚[0m [33mâ–¼[0m [1ma[0m
[32mâ”‚[0m [33mâ–ˆ[0m [90m[0.00s][0m vertex a1
[32mâ”‚[0m [33mâ”£[0m[34mâ”€[0m[34mâ•®[0m 
[32mâ”‚[0m [33mâ”‚[0m [34mâ–¼[0m [1mb[0m
[32mâ”‚[0m [33mâ”‚[0m [34mâ–ˆ[0m [90m[0.00s][0m vertex b1
[32mâ”‚[0m [33mâ”‚[0m [34mâ”£[0m[35mâ”€[0m[35mâ•®[0m 
[32mâ”‚[0m [33mâ”‚[0m [34mâ”‚[0m [35mâ–¼[0m [1mc[0m
[32mâ”‚[0m [33mâ”‚[0m [34mâ”‚[0m [35mâ–ˆ[0m [90m[0.00s][0m vertex c1
[32mâ”‚[0m [33mâ”‚[0m [34mâ”‚[0m [35mâ”£[0m[36mâ”€[0m[36mâ•®[0m [90mvertex c1[0m
[32mâ”‚[0m [33mâ”‚[0m [34mâ”‚[0m [35mâ”£[0m[37mâ”€[0m[36mâ”¼[0m[37mâ”€[0m[37mâ•®[0m 
[32mâ”‚[0m [33mâ”‚[0m [34mâ”‚[0m [35mâ”‚[0m [36mâ”‚[0m [37mâ–¼[0m [1md[0m
[32mâ”‚[0m [33mâ”‚[0m [34mâ”‚[0m [35mâ”‚[0m [36mâ”‚[0m [37mâ–ˆ[0m [90m[0.00s][0m vertex d1
[32mâ”‚[0m [33mâ”‚[0m [34mâ”‚[0m [35mâ”‚[0m [36mâ”‚[0m [37mâ”£[0m[31mâ”€[0m[31mâ•®[0m [90mvertex d1[0m
[32mâ”‚[0m [33mâ”‚[0m [34mâ”»[0m [35mâ”»[0m [36mâ”‚[0m [37mâ”»[0m [31mâ”‚[0m 
[32mâ”‚[0m [33mâ”£[0m[34mâ”€[0m[34mâ•®[0m   [36mâ”‚[0m   [31mâ”‚[0m 
[32mâ”‚[0m [33mâ”‚[0m [34mâ–¼[0m   [36mâ”‚[0m   [31mâ”‚[0m [1mgroup z[0m
[32mâ”‚[0m [33mâ”‚[0m [34mâ–ˆ[0m[31mâ—€[0m[31mâ”€[0m[31mâ”€[0m[36mâ”´[0m[31mâ”€[0m[31mâ”€[0m[31mâ”€[0m[31mâ•¯[0m [90m[0.00s][0m vertex z
[32mâ”»[0m [33mâ”»[0m [34mâ”»[0m         
