[32mâ–ˆ[0m [33m[0.00s][0m vertex a
[32mâ”£[0m [33m[0.00s][0m task 1
[32mâ”£[0m [33m[0.00s][0m task 2
[32mâ”£[0m [90m[0.00s][0m task 3
[32mâ”»[0m 
