[32mâ”£[0m[33mâ”€[0m[33mâ•®[0m 
[32mâ”‚[0m [33mâ–¼[0m [1mgroup 1[0m
[32mâ”‚[0m [33mâ–ˆ[0m [90m[0.00s][0m vertex a
[32mâ”‚[0m [33mâ”»[0m 
[32mâ–ˆ[0m [90m[0.00s][0m vertex b
[32mâ”»[0m 
