[32mâ–ˆ[0m [90m[0.00s][0m [93mCANCELED[0m vertex a
[32mâ”»[0m 
