[32mâ–ˆ[0m [34mCACHED[0m vertex a
[32mâ”»[0m 
